src/API/controllers/organization.controller.ts(7,10): error TS2724: '"../auth/guards"' has no exported member named 'AdminRoleGuard'. Did you mean 'AdminGuard'?
src/app.controller.spec.ts(6,1): error TS2593: Cannot find name 'describe'. Do you need to install type definitions for a test runner? Try `npm i --save-dev @types/jest` or `npm i --save-dev @types/mocha` and then add 'jest' or 'mocha' to the types field in your tsconfig.
src/app.controller.spec.ts(9,3): error TS2304: Cannot find name 'beforeEach'.
src/app.controller.spec.ts(18,3): error TS2593: Cannot find name 'describe'. Do you need to install type definitions for a test runner? Try `npm i --save-dev @types/jest` or `npm i --save-dev @types/mocha` and then add 'jest' or 'mocha' to the types field in your tsconfig.
src/app.controller.spec.ts(19,5): error TS2593: Cannot find name 'it'. Do you need to install type definitions for a test runner? Try `npm i --save-dev @types/jest` or `npm i --save-dev @types/mocha` and then add 'jest' or 'mocha' to the types field in your tsconfig.
src/app.controller.spec.ts(20,7): error TS2304: Cannot find name 'expect'.
src/domain/services/organization.service.ts(4,10): error TS2724: '"src/utils/type"' has no exported member named 'CreateOrganizationParams'. Did you mean 'CreateTransactionParams'?
src/domain/services/organization.service.ts(4,36): error TS2724: '"src/utils/type"' has no exported member named 'UpdateOrganizationParams'. Did you mean 'UpdateTransactionParams'?
src/infrastructure/mappers/admin.mapper.ts(32,5): error TS2741: Property 'organizationId' is missing in type '{ email: string; username: string; firstName: string; lastName: string; type: AdminType; password: string; isActive: boolean; isSuspended: boolean; phoneNo: string; refreshToken: string; resetToken: string; resetTokenExpiry: Date; lastLoginAt: Date; }' but required in type 'Omit<{ id: string; firstName: string; lastName: string; email: string; phoneNo: string; isActive: boolean; refreshToken: string; createdAt: Date; updatedAt: Date; password: string; resetToken: string; ... 5 more ...; username: string; }, "id" | ... 1 more ... | "updatedAt">'.
test/app.e2e-spec.ts(3,21): error TS2307: Cannot find module 'supertest' or its corresponding type declarations.
test/app.e2e-spec.ts(4,21): error TS2307: Cannot find module 'supertest/types' or its corresponding type declarations.
test/app.e2e-spec.ts(7,1): error TS2593: Cannot find name 'describe'. Do you need to install type definitions for a test runner? Try `npm i --save-dev @types/jest` or `npm i --save-dev @types/mocha` and then add 'jest' or 'mocha' to the types field in your tsconfig.
test/app.e2e-spec.ts(10,3): error TS2304: Cannot find name 'beforeEach'.
test/app.e2e-spec.ts(19,3): error TS2593: Cannot find name 'it'. Do you need to install type definitions for a test runner? Try `npm i --save-dev @types/jest` or `npm i --save-dev @types/mocha` and then add 'jest' or 'mocha' to the types field in your tsconfig.
